2025-10-29 16:53:34,445 : 
--------------------------------------
| loss/                   |          |
|    approx_kl            | 0.00822  |
|    entropy_loss         | -0.893   |
|    policy_loss          | -0.00897 |
|    value_loss           | 55.6     |
| stat/                   |          |
|    constraint_violation | 0        |
|    ep_constraint_vio... | 0        |
|    ep_length            | 29.9     |
|    ep_return            | 29.9     |
|    ep_reward            | 1        |
| time/                   |          |
|    progress             | 0.02     |
|    step                 | 2e+03    |
|    step_time            | 0.218    |
--------------------------------------

2025-10-29 16:53:35,457 : 
--------------------------------------
| loss/                   |          |
|    approx_kl            | 0.00123  |
|    entropy_loss         | -0.883   |
|    policy_loss          | -0.00846 |
|    value_loss           | 70.8     |
| stat/                   |          |
|    constraint_violation | 0        |
|    ep_constraint_vio... | 0        |
|    ep_length            | 64.3     |
|    ep_return            | 64.3     |
|    ep_reward            | 1        |
| time/                   |          |
|    progress             | 0.04     |
|    step                 | 4e+03    |
|    step_time            | 0.225    |
--------------------------------------

2025-10-29 16:53:36,507 : 
--------------------------------------
| loss/                   |          |
|    approx_kl            | 0.0107   |
|    entropy_loss         | -0.86    |
|    policy_loss          | -0.00706 |
|    value_loss           | 117      |
| stat/                   |          |
|    constraint_violation | 0        |
|    ep_constraint_vio... | 0        |
|    ep_length            | 89.4     |
|    ep_return            | 89.4     |
|    ep_reward            | 1        |
| time/                   |          |
|    progress             | 0.06     |
|    step                 | 6e+03    |
|    step_time            | 0.182    |
--------------------------------------

2025-10-29 16:53:37,554 : 
--------------------------------------
| loss/                   |          |
|    approx_kl            | 0.0022   |
|    entropy_loss         | -0.851   |
|    policy_loss          | -0.00542 |
|    value_loss           | 122      |
| stat/                   |          |
|    constraint_violation | 0        |
|    ep_constraint_vio... | 0        |
|    ep_length            | 71.9     |
|    ep_return            | 71.9     |
|    ep_reward            | 1        |
| time/                   |          |
|    progress             | 0.08     |
|    step                 | 8e+03    |
|    step_time            | 0.212    |
--------------------------------------

2025-10-29 16:53:38,574 : 
--------------------------------------
| loss/                   |          |
|    approx_kl            | 0.00701  |
|    entropy_loss         | -0.852   |
|    policy_loss          | -0.0169  |
|    value_loss           | 64.6     |
| stat/                   |          |
|    constraint_violation | 0        |
|    ep_constraint_vio... | 0        |
|    ep_length            | 134      |
|    ep_return            | 134      |
|    ep_reward            | 1        |
| time/                   |          |
|    progress             | 0.1      |
|    step                 | 1e+04    |
|    step_time            | 0.204    |
--------------------------------------

2025-10-29 16:53:39,593 : 
--------------------------------------
| loss/                   |          |
|    approx_kl            | 0.00304  |
|    entropy_loss         | -0.853   |
|    policy_loss          | -0.00429 |
|    value_loss           | 154      |
| stat/                   |          |
|    constraint_violation | 0        |
|    ep_constraint_vio... | 0        |
|    ep_length            | 204      |
|    ep_return            | 204      |
|    ep_reward            | 1        |
| time/                   |          |
|    progress             | 0.12     |
|    step                 | 1.2e+04  |
|    step_time            | 0.221    |
--------------------------------------

2025-10-29 16:53:40,727 : 
--------------------------------------
| loss/                   |          |
|    approx_kl            | 0.00536  |
|    entropy_loss         | -0.846   |
|    policy_loss          | -0.00543 |
|    value_loss           | 9.23     |
| stat/                   |          |
|    constraint_violation | 0        |
|    ep_constraint_vio... | 0        |
|    ep_length            | 279      |
|    ep_return            | 279      |
|    ep_reward            | 1        |
| time/                   |          |
|    progress             | 0.14     |
|    step                 | 1.4e+04  |
|    step_time            | 0.206    |
--------------------------------------

2025-10-29 16:53:41,845 : 
--------------------------------------
| loss/                   |          |
|    approx_kl            | 0.00618  |
|    entropy_loss         | -0.837   |
|    policy_loss          | -0.00355 |
|    value_loss           | 192      |
| stat/                   |          |
|    constraint_violation | 0        |
|    ep_constraint_vio... | 0        |
|    ep_length            | 538      |
|    ep_return            | 538      |
|    ep_reward            | 1        |
| time/                   |          |
|    progress             | 0.16     |
|    step                 | 1.6e+04  |
|    step_time            | 0.267    |
--------------------------------------

2025-10-29 16:53:42,999 : 
--------------------------------------
| loss/                   |          |
|    approx_kl            | -0.00196 |
|    entropy_loss         | -0.835   |
|    policy_loss          | -0.00395 |
|    value_loss           | 0.79     |
| stat/                   |          |
|    constraint_violation | 0        |
|    ep_constraint_vio... | 0        |
|    ep_length            | 538      |
|    ep_return            | 538      |
|    ep_reward            | 1        |
| time/                   |          |
|    progress             | 0.18     |
|    step                 | 1.8e+04  |
|    step_time            | 0.221    |
--------------------------------------

2025-10-29 16:53:44,047 : 
--------------------------------------
| loss/                   |          |
|    approx_kl            | 0.0123   |
|    entropy_loss         | -0.825   |
|    policy_loss          | -0.00959 |
|    value_loss           | 179      |
| stat/                   |          |
|    constraint_violation | 0        |
|    ep_constraint_vio... | 0        |
|    ep_length            | 762      |
|    ep_return            | 762      |
|    ep_reward            | 1        |
| time/                   |          |
|    progress             | 0.2      |
|    step                 | 2e+04    |
|    step_time            | 0.221    |
--------------------------------------

2025-10-29 16:53:45,126 : 
--------------------------------------
| loss/                   |          |
|    approx_kl            | 0.00761  |
|    entropy_loss         | -0.804   |
|    policy_loss          | -0.00298 |
|    value_loss           | 343      |
| stat/                   |          |
|    constraint_violation | 0        |
|    ep_constraint_vio... | 0        |
|    ep_length            | 684      |
|    ep_return            | 684      |
|    ep_reward            | 1        |
| time/                   |          |
|    progress             | 0.22     |
|    step                 | 2.2e+04  |
|    step_time            | 0.244    |
--------------------------------------

2025-10-29 16:53:46,134 : 
--------------------------------------
| loss/                   |          |
|    approx_kl            | 0.00937  |
|    entropy_loss         | -0.786   |
|    policy_loss          | -0.00296 |
|    value_loss           | 34.5     |
| stat/                   |          |
|    constraint_violation | 0        |
|    ep_constraint_vio... | 0        |
|    ep_length            | 698      |
|    ep_return            | 698      |
|    ep_reward            | 1        |
| time/                   |          |
|    progress             | 0.24     |
|    step                 | 2.4e+04  |
|    step_time            | 0.197    |
--------------------------------------

2025-10-29 16:53:47,144 : 
--------------------------------------
| loss/                   |          |
|    approx_kl            | 0.000987 |
|    entropy_loss         | -0.777   |
|    policy_loss          | -0.00594 |
|    value_loss           | 437      |
| stat/                   |          |
|    constraint_violation | 0        |
|    ep_constraint_vio... | 0        |
|    ep_length            | 698      |
|    ep_return            | 698      |
|    ep_reward            | 1        |
| time/                   |          |
|    progress             | 0.26     |
|    step                 | 2.6e+04  |
|    step_time            | 0.212    |
--------------------------------------

2025-10-29 16:53:48,081 : 
--------------------------------------
| loss/                   |          |
|    approx_kl            | 0.014    |
|    entropy_loss         | -0.767   |
|    policy_loss          | -0.0114  |
|    value_loss           | 32.1     |
| stat/                   |          |
|    constraint_violation | 0        |
|    ep_constraint_vio... | 0        |
|    ep_length            | 858      |
|    ep_return            | 858      |
|    ep_reward            | 1        |
| time/                   |          |
|    progress             | 0.28     |
|    step                 | 2.8e+04  |
|    step_time            | 0.184    |
--------------------------------------

2025-10-29 16:53:49,063 : 
--------------------------------------
| loss/                   |          |
|    approx_kl            | 0.0121   |
|    entropy_loss         | -0.758   |
|    policy_loss          | 0.00179  |
|    value_loss           | 444      |
| stat/                   |          |
|    constraint_violation | 0        |
|    ep_constraint_vio... | 0        |
|    ep_length            | 858      |
|    ep_return            | 858      |
|    ep_reward            | 1        |
| time/                   |          |
|    progress             | 0.3      |
|    step                 | 3e+04    |
|    step_time            | 0.194    |
--------------------------------------

2025-10-29 16:53:50,158 : 
--------------------------------------
| loss/                   |          |
|    approx_kl            | 0.0139   |
|    entropy_loss         | -0.744   |
|    policy_loss          | -0.00605 |
|    value_loss           | 33.3     |
| stat/                   |          |
|    constraint_violation | 0        |
|    ep_constraint_vio... | 0        |
|    ep_length            | 980      |
|    ep_return            | 980      |
|    ep_reward            | 1        |
| time/                   |          |
|    progress             | 0.32     |
|    step                 | 3.2e+04  |
|    step_time            | 0.214    |
--------------------------------------

2025-10-29 16:53:51,171 : 
--------------------------------------
| loss/                   |          |
|    approx_kl            | 0.00823  |
|    entropy_loss         | -0.745   |
|    policy_loss          | -0.0022  |
|    value_loss           | 440      |
| stat/                   |          |
|    constraint_violation | 0        |
|    ep_constraint_vio... | 0        |
|    ep_length            | 1e+03    |
|    ep_return            | 1e+03    |
|    ep_reward            | 1        |
| time/                   |          |
|    progress             | 0.34     |
|    step                 | 3.4e+04  |
|    step_time            | 0.188    |
--------------------------------------

2025-10-29 16:53:52,095 : 
--------------------------------------
| loss/                   |          |
|    approx_kl            | 0.0115   |
|    entropy_loss         | -0.741   |
|    policy_loss          | -0.00437 |
|    value_loss           | 33.2     |
| stat/                   |          |
|    constraint_violation | 0        |
|    ep_constraint_vio... | 0        |
|    ep_length            | 1e+03    |
|    ep_return            | 1e+03    |
|    ep_reward            | 1        |
| time/                   |          |
|    progress             | 0.36     |
|    step                 | 3.6e+04  |
|    step_time            | 0.191    |
--------------------------------------

2025-10-29 16:53:53,241 : 
--------------------------------------
| loss/                   |          |
|    approx_kl            | 0.00319  |
|    entropy_loss         | -0.741   |
|    policy_loss          | -0.00474 |
|    value_loss           | 421      |
| stat/                   |          |
|    constraint_violation | 0        |
|    ep_constraint_vio... | 0        |
|    ep_length            | 1e+03    |
|    ep_return            | 1e+03    |
|    ep_reward            | 1        |
| time/                   |          |
|    progress             | 0.38     |
|    step                 | 3.8e+04  |
|    step_time            | 0.277    |
--------------------------------------

2025-10-29 16:53:54,309 : 
--------------------------------------
| loss/                   |          |
|    approx_kl            | 0.0159   |
|    entropy_loss         | -0.736   |
|    policy_loss          | -0.00829 |
|    value_loss           | 32.4     |
| stat/                   |          |
|    constraint_violation | 0        |
|    ep_constraint_vio... | 0        |
|    ep_length            | 1e+03    |
|    ep_return            | 1e+03    |
|    ep_reward            | 1        |
| time/                   |          |
|    progress             | 0.4      |
|    step                 | 4e+04    |
|    step_time            | 0.209    |
--------------------------------------

2025-10-29 16:53:55,297 : 
--------------------------------------
| loss/                   |          |
|    approx_kl            | 0.0158   |
|    entropy_loss         | -0.729   |
|    policy_loss          | 0.00319  |
|    value_loss           | 2.27     |
| stat/                   |          |
|    constraint_violation | 0        |
|    ep_constraint_vio... | 0        |
|    ep_length            | 984      |
|    ep_return            | 984      |
|    ep_reward            | 1        |
| time/                   |          |
|    progress             | 0.42     |
|    step                 | 4.2e+04  |
|    step_time            | 0.197    |
--------------------------------------

2025-10-29 16:53:56,323 : 
--------------------------------------
| loss/                   |          |
|    approx_kl            | 0.0276   |
|    entropy_loss         | -0.723   |
|    policy_loss          | 0.00029  |
|    value_loss           | 36.2     |
| stat/                   |          |
|    constraint_violation | 0        |
|    ep_constraint_vio... | 0        |
|    ep_length            | 984      |
|    ep_return            | 984      |
|    ep_reward            | 1        |
| time/                   |          |
|    progress             | 0.44     |
|    step                 | 4.4e+04  |
|    step_time            | 0.182    |
--------------------------------------

2025-10-29 16:53:57,304 : 
--------------------------------------
| loss/                   |          |
|    approx_kl            | -0.00322 |
|    entropy_loss         | -0.712   |
|    policy_loss          | 0.00162  |
|    value_loss           | 2.27     |
| stat/                   |          |
|    constraint_violation | 0        |
|    ep_constraint_vio... | 0        |
|    ep_length            | 984      |
|    ep_return            | 984      |
|    ep_reward            | 1        |
| time/                   |          |
|    progress             | 0.46     |
|    step                 | 4.6e+04  |
|    step_time            | 0.203    |
--------------------------------------

2025-10-29 16:53:58,291 : 
--------------------------------------
| loss/                   |          |
|    approx_kl            | 0.011    |
|    entropy_loss         | -0.709   |
|    policy_loss          | -0.00098 |
|    value_loss           | 36.1     |
| stat/                   |          |
|    constraint_violation | 0        |
|    ep_constraint_vio... | 0        |
|    ep_length            | 984      |
|    ep_return            | 984      |
|    ep_reward            | 1        |
| time/                   |          |
|    progress             | 0.48     |
|    step                 | 4.8e+04  |
|    step_time            | 0.201    |
--------------------------------------

2025-10-29 16:53:59,343 : 
--------------------------------------
| loss/                   |          |
|    approx_kl            | 0.00236  |
|    entropy_loss         | -0.699   |
|    policy_loss          | -0.00199 |
|    value_loss           | 6.55     |
| stat/                   |          |
|    constraint_violation | 0        |
|    ep_constraint_vio... | 0        |
|    ep_length            | 984      |
|    ep_return            | 984      |
|    ep_reward            | 1        |
| time/                   |          |
|    progress             | 0.5      |
|    step                 | 5e+04    |
|    step_time            | 0.2      |
--------------------------------------

2025-10-29 16:54:00,302 : 
--------------------------------------
| loss/                   |          |
|    approx_kl            | 0.0356   |
|    entropy_loss         | -0.68    |
|    policy_loss          | -0.00487 |
|    value_loss           | 34.6     |
| stat/                   |          |
|    constraint_violation | 0        |
|    ep_constraint_vio... | 0        |
|    ep_length            | 1e+03    |
|    ep_return            | 1e+03    |
|    ep_reward            | 1        |
| time/                   |          |
|    progress             | 0.52     |
|    step                 | 5.2e+04  |
|    step_time            | 0.186    |
--------------------------------------

2025-10-29 16:54:01,236 : 
--------------------------------------
| loss/                   |          |
|    approx_kl            | 0.0118   |
|    entropy_loss         | -0.679   |
|    policy_loss          | -0.00578 |
|    value_loss           | 1.92     |
| stat/                   |          |
|    constraint_violation | 0        |
|    ep_constraint_vio... | 0        |
|    ep_length            | 1e+03    |
|    ep_return            | 1e+03    |
|    ep_reward            | 1        |
| time/                   |          |
|    progress             | 0.54     |
|    step                 | 5.4e+04  |
|    step_time            | 0.193    |
--------------------------------------

2025-10-29 16:54:02,316 : 
--------------------------------------
| loss/                   |          |
|    approx_kl            | -0.00197 |
|    entropy_loss         | -0.668   |
|    policy_loss          | -0.00156 |
|    value_loss           | 32.8     |
| stat/                   |          |
|    constraint_violation | 0        |
|    ep_constraint_vio... | 0        |
|    ep_length            | 1e+03    |
|    ep_return            | 1e+03    |
|    ep_reward            | 1        |
| time/                   |          |
|    progress             | 0.56     |
|    step                 | 5.6e+04  |
|    step_time            | 0.283    |
--------------------------------------

2025-10-29 16:54:03,458 : 
---------------------------------------
| loss/                   |           |
|    approx_kl            | 0.00263   |
|    entropy_loss         | -0.662    |
|    policy_loss          | -0.000455 |
|    value_loss           | 2.41      |
| stat/                   |           |
|    constraint_violation | 0         |
|    ep_constraint_vio... | 0         |
|    ep_length            | 1e+03     |
|    ep_return            | 1e+03     |
|    ep_reward            | 1         |
| time/                   |           |
|    progress             | 0.58      |
|    step                 | 5.8e+04   |
|    step_time            | 0.229     |
---------------------------------------

2025-10-29 16:54:04,479 : 
--------------------------------------
| loss/                   |          |
|    approx_kl            | 0.0174   |
|    entropy_loss         | -0.651   |
|    policy_loss          | -0.00242 |
|    value_loss           | 34.4     |
| stat/                   |          |
|    constraint_violation | 0        |
|    ep_constraint_vio... | 0        |
|    ep_length            | 1e+03    |
|    ep_return            | 1e+03    |
|    ep_reward            | 1        |
| time/                   |          |
|    progress             | 0.6      |
|    step                 | 6e+04    |
|    step_time            | 0.208    |
--------------------------------------

2025-10-29 16:54:05,481 : 
--------------------------------------
| loss/                   |          |
|    approx_kl            | 0.00872  |
|    entropy_loss         | -0.646   |
|    policy_loss          | -0.0106  |
|    value_loss           | 2.06     |
| stat/                   |          |
|    constraint_violation | 0        |
|    ep_constraint_vio... | 0        |
|    ep_length            | 1e+03    |
|    ep_return            | 1e+03    |
|    ep_reward            | 1        |
| time/                   |          |
|    progress             | 0.62     |
|    step                 | 6.2e+04  |
|    step_time            | 0.201    |
--------------------------------------

2025-10-29 16:54:06,496 : 
--------------------------------------
| loss/                   |          |
|    approx_kl            | 0.0158   |
|    entropy_loss         | -0.644   |
|    policy_loss          | 0.00369  |
|    value_loss           | 36       |
| stat/                   |          |
|    constraint_violation | 0        |
|    ep_constraint_vio... | 0        |
|    ep_length            | 1e+03    |
|    ep_return            | 1e+03    |
|    ep_reward            | 1        |
| time/                   |          |
|    progress             | 0.64     |
|    step                 | 6.4e+04  |
|    step_time            | 0.193    |
--------------------------------------

2025-10-29 16:54:07,465 : 
---------------------------------------
| loss/                   |           |
|    approx_kl            | -0.000753 |
|    entropy_loss         | -0.645    |
|    policy_loss          | -0.00911  |
|    value_loss           | 2.13      |
| stat/                   |           |
|    constraint_violation | 0         |
|    ep_constraint_vio... | 0         |
|    ep_length            | 1e+03     |
|    ep_return            | 1e+03     |
|    ep_reward            | 1         |
| time/                   |           |
|    progress             | 0.66      |
|    step                 | 6.6e+04   |
|    step_time            | 0.21      |
---------------------------------------

2025-10-29 16:54:08,447 : 
--------------------------------------
| loss/                   |          |
|    approx_kl            | 0.0361   |
|    entropy_loss         | -0.637   |
|    policy_loss          | -0.00987 |
|    value_loss           | 36.1     |
| stat/                   |          |
|    constraint_violation | 0        |
|    ep_constraint_vio... | 0        |
|    ep_length            | 1e+03    |
|    ep_return            | 1e+03    |
|    ep_reward            | 1        |
| time/                   |          |
|    progress             | 0.68     |
|    step                 | 6.8e+04  |
|    step_time            | 0.169    |
--------------------------------------

2025-10-29 16:54:09,446 : 
---------------------------------------
| loss/                   |           |
|    approx_kl            | 0.00654   |
|    entropy_loss         | -0.64     |
|    policy_loss          | -0.000757 |
|    value_loss           | 2.31      |
| stat/                   |           |
|    constraint_violation | 0         |
|    ep_constraint_vio... | 0         |
|    ep_length            | 1e+03     |
|    ep_return            | 1e+03     |
|    ep_reward            | 1         |
| time/                   |           |
|    progress             | 0.7       |
|    step                 | 7e+04     |
|    step_time            | 0.198     |
---------------------------------------

2025-10-29 16:54:10,399 : 
--------------------------------------
| loss/                   |          |
|    approx_kl            | 0.0283   |
|    entropy_loss         | -0.659   |
|    policy_loss          | -0.00313 |
|    value_loss           | 36.4     |
| stat/                   |          |
|    constraint_violation | 0        |
|    ep_constraint_vio... | 0        |
|    ep_length            | 1e+03    |
|    ep_return            | 1e+03    |
|    ep_reward            | 1        |
| time/                   |          |
|    progress             | 0.72     |
|    step                 | 7.2e+04  |
|    step_time            | 0.168    |
--------------------------------------

2025-10-29 16:54:11,404 : 
--------------------------------------
| loss/                   |          |
|    approx_kl            | 0.00564  |
|    entropy_loss         | -0.649   |
|    policy_loss          | -0.00996 |
|    value_loss           | 2.33     |
| stat/                   |          |
|    constraint_violation | 0        |
|    ep_constraint_vio... | 0        |
|    ep_length            | 1e+03    |
|    ep_return            | 1e+03    |
|    ep_reward            | 1        |
| time/                   |          |
|    progress             | 0.74     |
|    step                 | 7.4e+04  |
|    step_time            | 0.209    |
--------------------------------------

2025-10-29 16:54:12,356 : 
--------------------------------------
| loss/                   |          |
|    approx_kl            | 0.00319  |
|    entropy_loss         | -0.638   |
|    policy_loss          | 0.000282 |
|    value_loss           | 35       |
| stat/                   |          |
|    constraint_violation | 0        |
|    ep_constraint_vio... | 0        |
|    ep_length            | 1e+03    |
|    ep_return            | 1e+03    |
|    ep_reward            | 1        |
| time/                   |          |
|    progress             | 0.76     |
|    step                 | 7.6e+04  |
|    step_time            | 0.191    |
--------------------------------------

2025-10-29 16:54:13,317 : 
--------------------------------------
| loss/                   |          |
|    approx_kl            | -0.00361 |
|    entropy_loss         | -0.631   |
|    policy_loss          | 0.00109  |
|    value_loss           | 2.97     |
| stat/                   |          |
|    constraint_violation | 0        |
|    ep_constraint_vio... | 0        |
|    ep_length            | 1e+03    |
|    ep_return            | 1e+03    |
|    ep_reward            | 1        |
| time/                   |          |
|    progress             | 0.78     |
|    step                 | 7.8e+04  |
|    step_time            | 0.214    |
--------------------------------------

2025-10-29 16:54:14,281 : 
---------------------------------------
| loss/                   |           |
|    approx_kl            | 0.0241    |
|    entropy_loss         | -0.652    |
|    policy_loss          | -0.000805 |
|    value_loss           | 36.1      |
| stat/                   |           |
|    constraint_violation | 0         |
|    ep_constraint_vio... | 0         |
|    ep_length            | 1e+03     |
|    ep_return            | 1e+03     |
|    ep_reward            | 1         |
| time/                   |           |
|    progress             | 0.8       |
|    step                 | 8e+04     |
|    step_time            | 0.164     |
---------------------------------------

2025-10-29 16:54:15,274 : 
--------------------------------------
| loss/                   |          |
|    approx_kl            | 0.0195   |
|    entropy_loss         | -0.653   |
|    policy_loss          | -0.00536 |
|    value_loss           | 2.19     |
| stat/                   |          |
|    constraint_violation | 0        |
|    ep_constraint_vio... | 0        |
|    ep_length            | 1e+03    |
|    ep_return            | 1e+03    |
|    ep_reward            | 1        |
| time/                   |          |
|    progress             | 0.82     |
|    step                 | 8.2e+04  |
|    step_time            | 0.172    |
--------------------------------------

2025-10-29 16:54:16,302 : 
--------------------------------------
| loss/                   |          |
|    approx_kl            | 0.0217   |
|    entropy_loss         | -0.656   |
|    policy_loss          | -0.0106  |
|    value_loss           | 33.5     |
| stat/                   |          |
|    constraint_violation | 0        |
|    ep_constraint_vio... | 0        |
|    ep_length            | 1e+03    |
|    ep_return            | 1e+03    |
|    ep_reward            | 1        |
| time/                   |          |
|    progress             | 0.84     |
|    step                 | 8.4e+04  |
|    step_time            | 0.19     |
--------------------------------------

2025-10-29 16:54:17,311 : 
--------------------------------------
| loss/                   |          |
|    approx_kl            | 0.00869  |
|    entropy_loss         | -0.653   |
|    policy_loss          | -0.00248 |
|    value_loss           | 1.78     |
| stat/                   |          |
|    constraint_violation | 0        |
|    ep_constraint_vio... | 0        |
|    ep_length            | 1e+03    |
|    ep_return            | 1e+03    |
|    ep_reward            | 1        |
| time/                   |          |
|    progress             | 0.86     |
|    step                 | 8.6e+04  |
|    step_time            | 0.218    |
--------------------------------------

2025-10-29 16:54:18,381 : 
--------------------------------------
| loss/                   |          |
|    approx_kl            | 0.00932  |
|    entropy_loss         | -0.641   |
|    policy_loss          | -0.00691 |
|    value_loss           | 31.7     |
| stat/                   |          |
|    constraint_violation | 0        |
|    ep_constraint_vio... | 0        |
|    ep_length            | 1e+03    |
|    ep_return            | 1e+03    |
|    ep_reward            | 1        |
| time/                   |          |
|    progress             | 0.88     |
|    step                 | 8.8e+04  |
|    step_time            | 0.208    |
--------------------------------------

2025-10-29 16:54:19,524 : 
--------------------------------------
| loss/                   |          |
|    approx_kl            | 0.0111   |
|    entropy_loss         | -0.614   |
|    policy_loss          | -0.0136  |
|    value_loss           | 4.23     |
| stat/                   |          |
|    constraint_violation | 0        |
|    ep_constraint_vio... | 0        |
|    ep_length            | 1e+03    |
|    ep_return            | 1e+03    |
|    ep_reward            | 1        |
| time/                   |          |
|    progress             | 0.9      |
|    step                 | 9e+04    |
|    step_time            | 0.222    |
--------------------------------------

2025-10-29 16:54:20,551 : 
--------------------------------------
| loss/                   |          |
|    approx_kl            | 0.0146   |
|    entropy_loss         | -0.599   |
|    policy_loss          | -0.00487 |
|    value_loss           | 33.3     |
| stat/                   |          |
|    constraint_violation | 0        |
|    ep_constraint_vio... | 0        |
|    ep_length            | 1e+03    |
|    ep_return            | 1e+03    |
|    ep_reward            | 1        |
| time/                   |          |
|    progress             | 0.92     |
|    step                 | 9.2e+04  |
|    step_time            | 0.202    |
--------------------------------------

2025-10-29 16:54:21,517 : 
--------------------------------------
| loss/                   |          |
|    approx_kl            | 0.0164   |
|    entropy_loss         | -0.594   |
|    policy_loss          | -0.0142  |
|    value_loss           | 3.51     |
| stat/                   |          |
|    constraint_violation | 0        |
|    ep_constraint_vio... | 0        |
|    ep_length            | 1e+03    |
|    ep_return            | 1e+03    |
|    ep_reward            | 1        |
| time/                   |          |
|    progress             | 0.94     |
|    step                 | 9.4e+04  |
|    step_time            | 0.172    |
--------------------------------------

2025-10-29 16:54:22,454 : 
--------------------------------------
| loss/                   |          |
|    approx_kl            | 0.0336   |
|    entropy_loss         | -0.585   |
|    policy_loss          | 0.00467  |
|    value_loss           | 36.2     |
| stat/                   |          |
|    constraint_violation | 0        |
|    ep_constraint_vio... | 0        |
|    ep_length            | 1e+03    |
|    ep_return            | 1e+03    |
|    ep_reward            | 1        |
| time/                   |          |
|    progress             | 0.96     |
|    step                 | 9.6e+04  |
|    step_time            | 0.163    |
--------------------------------------

2025-10-29 16:54:23,380 : 
--------------------------------------
| loss/                   |          |
|    approx_kl            | 0.000548 |
|    entropy_loss         | -0.586   |
|    policy_loss          | -0.0117  |
|    value_loss           | 1.42     |
| stat/                   |          |
|    constraint_violation | 0        |
|    ep_constraint_vio... | 0        |
|    ep_length            | 1e+03    |
|    ep_return            | 1e+03    |
|    ep_reward            | 1        |
| time/                   |          |
|    progress             | 0.98     |
|    step                 | 9.8e+04  |
|    step_time            | 0.194    |
--------------------------------------

2025-10-29 16:54:24,400 : Checkpoint | ./temp_ppo_inverted_pendulum/model_checkpoint.pt
2025-10-29 16:54:24,404 : 
--------------------------------------
| loss/                   |          |
|    approx_kl            | 0.00253  |
|    entropy_loss         | -0.564   |
|    policy_loss          | -0.00153 |
|    value_loss           | 34       |
| stat/                   |          |
|    constraint_violation | 0        |
|    ep_constraint_vio... | 0        |
|    ep_length            | 1e+03    |
|    ep_return            | 1e+03    |
|    ep_reward            | 1        |
| time/                   |          |
|    progress             | 1        |
|    step                 | 1e+05    |
|    step_time            | 0.213    |
--------------------------------------

============================================================
Training PPO on InvertedPendulum-v4 (MuJoCo)
============================================================

Creating PPO controller...

Training PPO...
Training done.
Traceback (most recent call last):
  File "/home/dmy/gymtest/ppo_standard_cartpole_example.py", line 124, in <module>
    train_ppo_controller()
  File "/home/dmy/gymtest/ppo_standard_cartpole_example.py", line 105, in train_ppo_controller
    epochs = list(range(len(ppo_controller.logger.data['AvgEpRet'])))
AttributeError: 'ExperimentLogger' object has no attribute 'data'
